[INFO] Scanning for projects...
[INFO] 
[INFO] ----------------< com.inventorix:java-code-assignment >-----------------
[INFO] Building java-code-assignment 1.0.0-SNAPSHOT
[INFO] --------------------------------[ jar ]---------------------------------
[INFO] 
[INFO] --- jacoco-maven-plugin:0.8.10:prepare-agent (default) @ java-code-assignment ---
Downloading from central: https://repo.maven.apache.org/maven2/org/apache/maven/shared/file-management/1.2.1/file-management-1.2.1.pom
Progress (1): 3.9 kB
                    
Downloaded from central: https://repo.maven.apache.org/maven2/org/apache/maven/shared/file-management/1.2.1/file-management-1.2.1.pom (3.9 kB at 9.8 kB/s)
Downloading from central: https://repo.maven.apache.org/maven2/org/apache/maven/shared/maven-shared-components/10/maven-shared-components-10.pom
Progress (1): 4.1 kB
Progress (1): 8.2 kB
Progress (1): 8.4 kB
                    
Downloaded from central: https://repo.maven.apache.org/maven2/org/apache/maven/shared/maven-shared-components/10/maven-shared-components-10.pom (8.4 kB at 162 kB/s)
Downloading from central: https://repo.maven.apache.org/maven2/org/apache/maven/shared/maven-shared-io/1.1/maven-shared-io-1.1.pom
Progress (1): 4.1 kB
                    
Downloaded from central: https://repo.maven.apache.org/maven2/org/apache/maven/shared/maven-shared-io/1.1/maven-shared-io-1.1.pom (4.1 kB at 86 kB/s)
Downloading from central: https://repo.maven.apache.org/maven2/org/apache/maven/shared/maven-shared-components/8/maven-shared-components-8.pom
Progress (1): 2.7 kB
                    
Downloaded from central: https://repo.maven.apache.org/maven2/org/apache/maven/shared/maven-shared-components/8/maven-shared-components-8.pom (2.7 kB at 56 kB/s)
Downloading from central: https://repo.maven.apache.org/maven2/org/apache/maven/maven-parent/7/maven-parent-7.pom
Progress (1): 4.1 kB
Progress (1): 8.2 kB
Progress (1): 12 kB 
Progress (1): 16 kB
Progress (1): 20 kB
Progress (1): 21 kB
                   
Downloaded from central: https://repo.maven.apache.org/maven2/org/apache/maven/maven-parent/7/maven-parent-7.pom (21 kB at 425 kB/s)
Downloading from central: https://repo.maven.apache.org/maven2/org/apache/maven/maven-artifact/2.0.2/maven-artifact-2.0.2.pom
Progress (1): 765 B
                   
Downloaded from central: https://repo.maven.apache.org/maven2/org/apache/maven/maven-artifact/2.0.2/maven-artifact-2.0.2.pom (765 B at 15 kB/s)
Downloading from central: https://repo.maven.apache.org/maven2/org/apache/maven/maven/2.0.2/maven-2.0.2.pom
Progress (1): 4.1 kB
Progress (1): 8.2 kB
Progress (1): 12 kB 
Progress (1): 13 kB
                   
Downloaded from central: https://repo.maven.apache.org/maven2/org/apache/maven/maven/2.0.2/maven-2.0.2.pom (13 kB at 269 kB/s)
Downloading from central: https://repo.maven.apache.org/maven2/org/codehaus/plexus/plexus-utils/1.1/plexus-utils-1.1.pom
Progress (1): 767 B
                   
Downloaded from central: https://repo.maven.apache.org/maven2/org/codehaus/plexus/plexus-utils/1.1/plexus-utils-1.1.pom (767 B at 18 kB/s)
Downloading from central: https://repo.maven.apache.org/maven2/org/apache/maven/maven-artifact-manager/2.0.2/maven-artifact-manager-2.0.2.pom
Progress (1): 1.4 kB
                    
Downloaded from central: https://repo.maven.apache.org/maven2/org/apache/maven/maven-artifact-manager/2.0.2/maven-artifact-manager-2.0.2.pom (1.4 kB at 30 kB/s)
Downloading from central: https://repo.maven.apache.org/maven2/org/apache/maven/maven-repository-metadata/2.0.2/maven-repository-metadata-2.0.2.pom
Progress (1): 1.3 kB
                    
Downloaded from central: https://repo.maven.apache.org/maven2/org/apache/maven/maven-repository-metadata/2.0.2/maven-repository-metadata-2.0.2.pom (1.3 kB at 28 kB/s)
Downloading from central: https://repo.maven.apache.org/maven2/junit/junit/4.13.1/junit-4.13.1.pom
Progress (1): 4.1 kB
Progress (1): 8.2 kB
Progress (1): 12 kB 
Progress (1): 16 kB
Progress (1): 20 kB
Progress (1): 25 kB
Progress (1): 25 kB
                   
Downloaded from central: https://repo.maven.apache.org/maven2/junit/junit/4.13.1/junit-4.13.1.pom (25 kB at 522 kB/s)
Downloading from central: https://repo.maven.apache.org/maven2/org/apache/maven/wagon/wagon-provider-api/1.0-alpha-6/wagon-provider-api-1.0-alpha-6.pom
Progress (1): 588 B
                   
Downloaded from central: https://repo.maven.apache.org/maven2/org/apache/maven/wagon/wagon-provider-api/1.0-alpha-6/wagon-provider-api-1.0-alpha-6.pom (588 B at 13 kB/s)
Downloading from central: https://repo.maven.apache.org/maven2/org/apache/maven/wagon/wagon/1.0-alpha-6/wagon-1.0-alpha-6.pom
Progress (1): 4.1 kB
Progress (1): 6.4 kB
                    
Downloaded from central: https://repo.maven.apache.org/maven2/org/apache/maven/wagon/wagon/1.0-alpha-6/wagon-1.0-alpha-6.pom (6.4 kB at 142 kB/s)
Downloading from central: https://repo.maven.apache.org/maven2/org/codehaus/plexus/plexus-utils/1.4.6/plexus-utils-1.4.6.pom
Progress (1): 2.3 kB
                    
Downloaded from central: https://repo.maven.apache.org/maven2/org/codehaus/plexus/plexus-utils/1.4.6/plexus-utils-1.4.6.pom (2.3 kB at 50 kB/s)
Downloading from central: https://repo.maven.apache.org/maven2/org/jacoco/org.jacoco.agent/0.8.10/org.jacoco.agent-0.8.10.pom
Progress (1): 3.5 kB
                    
Downloaded from central: https://repo.maven.apache.org/maven2/org/jacoco/org.jacoco.agent/0.8.10/org.jacoco.agent-0.8.10.pom (3.5 kB at 58 kB/s)
Downloading from central: https://repo.maven.apache.org/maven2/org/jacoco/org.jacoco.core/0.8.10/org.jacoco.core-0.8.10.pom
Progress (1): 2.1 kB
                    
Downloaded from central: https://repo.maven.apache.org/maven2/org/jacoco/org.jacoco.core/0.8.10/org.jacoco.core-0.8.10.pom (2.1 kB at 43 kB/s)
Downloading from central: https://repo.maven.apache.org/maven2/org/jacoco/org.jacoco.report/0.8.10/org.jacoco.report-0.8.10.pom
Progress (1): 1.9 kB
                    
Downloaded from central: https://repo.maven.apache.org/maven2/org/jacoco/org.jacoco.report/0.8.10/org.jacoco.report-0.8.10.pom (1.9 kB at 41 kB/s)
Downloading from central: https://repo.maven.apache.org/maven2/org/apache/maven/shared/file-management/1.2.1/file-management-1.2.1.jar
Downloading from central: https://repo.maven.apache.org/maven2/org/apache/maven/maven-artifact/2.0.2/maven-artifact-2.0.2.jar
Downloading from central: https://repo.maven.apache.org/maven2/org/apache/maven/maven-artifact-manager/2.0.2/maven-artifact-manager-2.0.2.jar
Downloading from central: https://repo.maven.apache.org/maven2/org/apache/maven/maven-repository-metadata/2.0.2/maven-repository-metadata-2.0.2.jar
Downloading from central: https://repo.maven.apache.org/maven2/org/apache/maven/shared/maven-shared-io/1.1/maven-shared-io-1.1.jar
Progress (1): 3.8/78 kB
Progress (1): 7.8/78 kB
Progress (1): 12/78 kB 
Progress (1): 16/78 kB
Progress (1): 20/78 kB
Progress (1): 24/78 kB
Progress (1): 28/78 kB
Progress (1): 32/78 kB
Progress (1): 37/78 kB
Progress (1): 41/78 kB
Progress (1): 45/78 kB
Progress (1): 49/78 kB
Progress (1): 53/78 kB
Progress (1): 57/78 kB
Progress (1): 61/78 kB
Progress (1): 65/78 kB
Progress (1): 69/78 kB
Progress (1): 71/78 kB
Progress (1): 75/78 kB
Progress (1): 78 kB   
Progress (2): 78 kB | 2.3/38 kB
Progress (3): 78 kB | 2.3/38 kB | 2.3/20 kB
Progress (3): 78 kB | 5.0/38 kB | 2.3/20 kB
Progress (3): 78 kB | 7.7/38 kB | 2.3/20 kB
Progress (3): 78 kB | 7.7/38 kB | 5.0/20 kB
Progress (3): 78 kB | 10/38 kB | 5.0/20 kB 
Progress (3): 78 kB | 10/38 kB | 7.7/20 kB
Progress (3): 78 kB | 13/38 kB | 7.7/20 kB
Progress (3): 78 kB | 13/38 kB | 11/20 kB 
Progress (3): 78 kB | 16/38 kB | 11/20 kB
Progress (3): 78 kB | 16/38 kB | 14/20 kB
Progress (3): 78 kB | 16/38 kB | 16/20 kB
Progress (3): 78 kB | 18/38 kB | 16/20 kB
Progress (3): 78 kB | 18/38 kB | 19/20 kB
Progress (3): 78 kB | 21/38 kB | 19/20 kB
Progress (3): 78 kB | 21/38 kB | 20 kB   
Progress (3): 78 kB | 24/38 kB | 20 kB
Progress (3): 78 kB | 27/38 kB | 20 kB
Progress (3): 78 kB | 29/38 kB | 20 kB
Progress (3): 78 kB | 32/38 kB | 20 kB
Progress (3): 78 kB | 35/38 kB | 20 kB
Progress (3): 78 kB | 38/38 kB | 20 kB
Progress (3): 78 kB | 38 kB | 20 kB   
Progress (4): 78 kB | 38 kB | 20 kB | 2.3/49 kB
Progress (5): 78 kB | 38 kB | 20 kB | 2.3/49 kB | 2.3/39 kB
Progress (5): 78 kB | 38 kB | 20 kB | 5.0/49 kB | 2.3/39 kB
Progress (5): 78 kB | 38 kB | 20 kB | 5.0/49 kB | 5.0/39 kB
Progress (5): 78 kB | 38 kB | 20 kB | 7.7/49 kB | 5.0/39 kB
Progress (5): 78 kB | 38 kB | 20 kB | 7.7/49 kB | 7.7/39 kB
Progress (5): 78 kB | 38 kB | 20 kB | 10/49 kB | 7.7/39 kB 
Progress (5): 78 kB | 38 kB | 20 kB | 10/49 kB | 11/39 kB 
Progress (5): 78 kB | 38 kB | 20 kB | 13/49 kB | 11/39 kB
Progress (5): 78 kB | 38 kB | 20 kB | 13/49 kB | 14/39 kB
Progress (5): 78 kB | 38 kB | 20 kB | 16/49 kB | 14/39 kB
Progress (5): 78 kB | 38 kB | 20 kB | 16/49 kB | 16/39 kB
Progress (5): 78 kB | 38 kB | 20 kB | 19/49 kB | 16/39 kB
Progress (5): 78 kB | 38 kB | 20 kB | 19/49 kB | 19/39 kB
Progress (5): 78 kB | 38 kB | 20 kB | 21/49 kB | 19/39 kB
Progress (5): 78 kB | 38 kB | 20 kB | 21/49 kB | 22/39 kB
Progress (5): 78 kB | 38 kB | 20 kB | 24/49 kB | 22/39 kB
Progress (5): 78 kB | 38 kB | 20 kB | 24/49 kB | 25/39 kB
Progress (5): 78 kB | 38 kB | 20 kB | 27/49 kB | 25/39 kB
Progress (5): 78 kB | 38 kB | 20 kB | 27/49 kB | 27/39 kB
Progress (5): 78 kB | 38 kB | 20 kB | 30/49 kB | 27/39 kB
Progress (5): 78 kB | 38 kB | 20 kB | 30/49 kB | 30/39 kB
Progress (5): 78 kB | 38 kB | 20 kB | 33/49 kB | 30/39 kB
Progress (5): 78 kB | 38 kB | 20 kB | 33/49 kB | 33/39 kB
Progress (5): 78 kB | 38 kB | 20 kB | 36/49 kB | 33/39 kB
Progress (5): 78 kB | 38 kB | 20 kB | 36/49 kB | 36/39 kB
Progress (5): 78 kB | 38 kB | 20 kB | 38/49 kB | 36/39 kB
Progress (5): 78 kB | 38 kB | 20 kB | 38/49 kB | 38/39 kB
Progress (5): 78 kB | 38 kB | 20 kB | 41/49 kB | 38/39 kB
Progress (5): 78 kB | 38 kB | 20 kB | 41/49 kB | 39 kB   
Progress (5): 78 kB | 38 kB | 20 kB | 44/49 kB | 39 kB
Progress (5): 78 kB | 38 kB | 20 kB | 46/49 kB | 39 kB
Progress (5): 78 kB | 38 kB | 20 kB | 49 kB | 39 kB   
                                                   
Downloaded from central: https://repo.maven.apache.org/maven2/org/apache/maven/shared/file-management/1.2.1/file-management-1.2.1.jar (38 kB at 404 kB/s)
Downloaded from central: https://repo.maven.apache.org/maven2/org/apache/maven/maven-repository-metadata/2.0.2/maven-repository-metadata-2.0.2.jar (20 kB at 214 kB/s)
Downloading from central: https://repo.maven.apache.org/maven2/org/apache/maven/wagon/wagon-provider-api/1.0-alpha-6/wagon-provider-api-1.0-alpha-6.jar
Downloading from central: https://repo.maven.apache.org/maven2/org/codehaus/plexus/plexus-container-default/1.0-alpha-9/plexus-container-default-1.0-alpha-9.jar
Downloaded from central: https://repo.maven.apache.org/maven2/org/apache/maven/maven-artifact-manager/2.0.2/maven-artifact-manager-2.0.2.jar (49 kB at 468 kB/s)
Downloading from central: https://repo.maven.apache.org/maven2/junit/junit/4.13.1/junit-4.13.1.jar
Downloaded from central: https://repo.maven.apache.org/maven2/org/apache/maven/shared/maven-shared-io/1.1/maven-shared-io-1.1.jar (39 kB at 366 kB/s)
Downloading from central: https://repo.maven.apache.org/maven2/org/jacoco/org.jacoco.agent/0.8.10/org.jacoco.agent-0.8.10-runtime.jar
Progress (2): 78 kB | 2.3/195 kB
Progress (2): 78 kB | 4.7/195 kB
Progress (2): 78 kB | 7.5/195 kB
Progress (2): 78 kB | 10/195 kB 
Progress (2): 78 kB | 13/195 kB
Progress (2): 78 kB | 16/195 kB
Progress (2): 78 kB | 18/195 kB
Progress (2): 78 kB | 21/195 kB
Progress (2): 78 kB | 24/195 kB
Progress (2): 78 kB | 27/195 kB
Progress (2): 78 kB | 29/195 kB
Progress (2): 78 kB | 32/195 kB
Progress (2): 78 kB | 36/195 kB
Progress (2): 78 kB | 40/195 kB
Progress (2): 78 kB | 44/195 kB
Progress (2): 78 kB | 49/195 kB
Progress (2): 78 kB | 53/195 kB
Progress (2): 78 kB | 57/195 kB
Progress (2): 78 kB | 61/195 kB
Progress (3): 78 kB | 61/195 kB | 2.3/43 kB
Progress (3): 78 kB | 61/195 kB | 5.0/43 kB
Progress (3): 78 kB | 61/195 kB | 7.7/43 kB
Progress (3): 78 kB | 61/195 kB | 10/43 kB 
Progress (3): 78 kB | 65/195 kB | 10/43 kB
Progress (3): 78 kB | 65/195 kB | 13/43 kB
Progress (3): 78 kB | 65/195 kB | 17/43 kB
Progress (3): 78 kB | 65/195 kB | 21/43 kB
Progress (3): 78 kB | 65/195 kB | 25/43 kB
Progress (3): 78 kB | 65/195 kB | 29/43 kB
Progress (3): 78 kB | 65/195 kB | 33/43 kB
Progress (3): 78 kB | 65/195 kB | 37/43 kB
Progress (3): 78 kB | 65/195 kB | 41/43 kB
Progress (3): 78 kB | 65/195 kB | 43 kB   
Progress (3): 78 kB | 69/195 kB | 43 kB
Progress (3): 78 kB | 73/195 kB | 43 kB
Progress (3): 78 kB | 77/195 kB | 43 kB
Progress (3): 78 kB | 81/195 kB | 43 kB
Progress (3): 78 kB | 85/195 kB | 43 kB
Progress (3): 78 kB | 89/195 kB | 43 kB
Progress (3): 78 kB | 93/195 kB | 43 kB
Progress (3): 78 kB | 98/195 kB | 43 kB
Progress (3): 78 kB | 102/195 kB | 43 kB
Progress (3): 78 kB | 106/195 kB | 43 kB
Progress (3): 78 kB | 110/195 kB | 43 kB
Progress (3): 78 kB | 114/195 kB | 43 kB
Progress (3): 78 kB | 118/195 kB | 43 kB
Progress (3): 78 kB | 122/195 kB | 43 kB
Progress (3): 78 kB | 126/195 kB | 43 kB
Progress (3): 78 kB | 130/195 kB | 43 kB
Progress (3): 78 kB | 134/195 kB | 43 kB
Progress (3): 78 kB | 139/195 kB | 43 kB
Progress (3): 78 kB | 143/195 kB | 43 kB
Progress (3): 78 kB | 147/195 kB | 43 kB
Progress (3): 78 kB | 151/195 kB | 43 kB
Progress (3): 78 kB | 155/195 kB | 43 kB
Progress (3): 78 kB | 159/195 kB | 43 kB
Progress (3): 78 kB | 163/195 kB | 43 kB
Progress (4): 78 kB | 163/195 kB | 43 kB | 2.3/383 kB
Progress (5): 78 kB | 163/195 kB | 43 kB | 2.3/383 kB | 2.3/299 kB
Progress (5): 78 kB | 163/195 kB | 43 kB | 2.3/383 kB | 5.0/299 kB
Progress (5): 78 kB | 163/195 kB | 43 kB | 6.4/383 kB | 5.0/299 kB
Progress (5): 78 kB | 163/195 kB | 43 kB | 6.4/383 kB | 7.7/299 kB
Progress (5): 78 kB | 163/195 kB | 43 kB | 10/383 kB | 7.7/299 kB 
Progress (5): 78 kB | 163/195 kB | 43 kB | 15/383 kB | 7.7/299 kB
Progress (5): 78 kB | 163/195 kB | 43 kB | 19/383 kB | 7.7/299 kB
Progress (5): 78 kB | 163/195 kB | 43 kB | 19/383 kB | 11/299 kB 
Progress (5): 78 kB | 163/195 kB | 43 kB | 23/383 kB | 11/299 kB
Progress (5): 78 kB | 163/195 kB | 43 kB | 23/383 kB | 15/299 kB
Progress (5): 78 kB | 163/195 kB | 43 kB | 27/383 kB | 15/299 kB
Progress (5): 78 kB | 163/195 kB | 43 kB | 27/383 kB | 19/299 kB
Progress (5): 78 kB | 163/195 kB | 43 kB | 31/383 kB | 19/299 kB
Progress (5): 78 kB | 163/195 kB | 43 kB | 31/383 kB | 23/299 kB
Progress (5): 78 kB | 163/195 kB | 43 kB | 35/383 kB | 23/299 kB
Progress (5): 78 kB | 163/195 kB | 43 kB | 35/383 kB | 27/299 kB
Progress (5): 78 kB | 163/195 kB | 43 kB | 39/383 kB | 27/299 kB
Progress (5): 78 kB | 163/195 kB | 43 kB | 39/383 kB | 31/299 kB
Progress (5): 78 kB | 163/195 kB | 43 kB | 43/383 kB | 31/299 kB
Progress (5): 78 kB | 163/195 kB | 43 kB | 43/383 kB | 36/299 kB
Progress (5): 78 kB | 163/195 kB | 43 kB | 47/383 kB | 36/299 kB
Progress (5): 78 kB | 163/195 kB | 43 kB | 47/383 kB | 40/299 kB
Progress (5): 78 kB | 163/195 kB | 43 kB | 49/383 kB | 40/299 kB
Progress (5): 78 kB | 167/195 kB | 43 kB | 49/383 kB | 40/299 kB
Progress (5): 78 kB | 167/195 kB | 43 kB | 49/383 kB | 44/299 kB
Progress (5): 78 kB | 167/195 kB | 43 kB | 54/383 kB | 44/299 kB
Progress (5): 78 kB | 171/195 kB | 43 kB | 54/383 kB | 44/299 kB
Progress (5): 78 kB | 171/195 kB | 43 kB | 54/383 kB | 48/299 kB
Progress (5): 78 kB | 171/195 kB | 43 kB | 58/383 kB | 48/299 kB
Progress (5): 78 kB | 175/195 kB | 43 kB | 58/383 kB | 48/299 kB
Progress (5): 78 kB | 175/195 kB | 43 kB | 58/383 kB | 52/299 kB
Progress (5): 78 kB | 179/195 kB | 43 kB | 58/383 kB | 52/299 kB
Progress (5): 78 kB | 179/195 kB | 43 kB | 62/383 kB | 52/299 kB
Progress (5): 78 kB | 179/195 kB | 43 kB | 62/383 kB | 56/299 kB
Progress (5): 78 kB | 184/195 kB | 43 kB | 62/383 kB | 56/299 kB
Progress (5): 78 kB | 184/195 kB | 43 kB | 62/383 kB | 60/299 kB
Progress (5): 78 kB | 188/195 kB | 43 kB | 62/383 kB | 60/299 kB
Progress (5): 78 kB | 192/195 kB | 43 kB | 62/383 kB | 60/299 kB
Progress (5): 78 kB | 195 kB | 43 kB | 62/383 kB | 60/299 kB    
Progress (5): 78 kB | 195 kB | 43 kB | 66/383 kB | 60/299 kB
Progress (5): 78 kB | 195 kB | 43 kB | 66/383 kB | 64/299 kB
Progress (5): 78 kB | 195 kB | 43 kB | 70/383 kB | 64/299 kB
Progress (5): 78 kB | 195 kB | 43 kB | 70/383 kB | 68/299 kB
Progress (5): 78 kB | 195 kB | 43 kB | 74/383 kB | 68/299 kB
Progress (5): 78 kB | 195 kB | 43 kB | 74/383 kB | 72/299 kB
Progress (5): 78 kB | 195 kB | 43 kB | 78/383 kB | 72/299 kB
Progress (5): 78 kB | 195 kB | 43 kB | 78/383 kB | 76/299 kB
Progress (5): 78 kB | 195 kB | 43 kB | 82/383 kB | 76/299 kB
Progress (5): 78 kB | 195 kB | 43 kB | 82/383 kB | 81/299 kB
Progress (5): 78 kB | 195 kB | 43 kB | 86/383 kB | 81/299 kB
Progress (5): 78 kB | 195 kB | 43 kB | 86/383 kB | 85/299 kB
Progress (5): 78 kB | 195 kB | 43 kB | 90/383 kB | 85/299 kB
Progress (5): 78 kB | 195 kB | 43 kB | 90/383 kB | 89/299 kB
Progress (5): 78 kB | 195 kB | 43 kB | 95/383 kB | 89/299 kB
Progress (5): 78 kB | 195 kB | 43 kB | 95/383 kB | 93/299 kB
Progress (5): 78 kB | 195 kB | 43 kB | 99/383 kB | 93/299 kB
Progress (5): 78 kB | 195 kB | 43 kB | 99/383 kB | 97/299 kB
Progress (5): 78 kB | 195 kB | 43 kB | 103/383 kB | 97/299 kB
Progress (5): 78 kB | 195 kB | 43 kB | 107/383 kB | 97/299 kB
Progress (5): 78 kB | 195 kB | 43 kB | 107/383 kB | 101/299 kB
Progress (5): 78 kB | 195 kB | 43 kB | 111/383 kB | 101/299 kB
                                                              
Downloaded from central: https://repo.maven.apache.org/maven2/org/apache/maven/wagon/wagon-provider-api/1.0-alpha-6/wagon-provider-api-1.0-alpha-6.jar (43 kB at 248 kB/s)
Downloading from central: https://repo.maven.apache.org/maven2/org/jacoco/org.jacoco.core/0.8.10/org.jacoco.core-0.8.10.jar
Progress (4): 78 kB | 195 kB | 111/383 kB | 105/299 kB
Progress (4): 78 kB | 195 kB | 115/383 kB | 105/299 kB
Progress (4): 78 kB | 195 kB | 117/383 kB | 105/299 kB
Progress (4): 78 kB | 195 kB | 121/383 kB | 105/299 kB
Progress (4): 78 kB | 195 kB | 125/383 kB | 105/299 kB
Progress (4): 78 kB | 195 kB | 129/383 kB | 105/299 kB
Progress (4): 78 kB | 195 kB | 134/383 kB | 105/299 kB
Progress (4): 78 kB | 195 kB | 138/383 kB | 105/299 kB
Progress (4): 78 kB | 195 kB | 142/383 kB | 105/299 kB
Progress (4): 78 kB | 195 kB | 146/383 kB | 105/299 kB
Progress (4): 78 kB | 195 kB | 150/383 kB | 105/299 kB
Progress (4): 78 kB | 195 kB | 154/383 kB | 105/299 kB
Progress (4): 78 kB | 195 kB | 158/383 kB | 105/299 kB
Progress (4): 78 kB | 195 kB | 162/383 kB | 105/299 kB
Progress (4): 78 kB | 195 kB | 166/383 kB | 105/299 kB
Progress (4): 78 kB | 195 kB | 170/383 kB | 105/299 kB
Progress (4): 78 kB | 195 kB | 170/383 kB | 109/299 kB
Progress (4): 78 kB | 195 kB | 170/383 kB | 113/299 kB
Progress (4): 78 kB | 195 kB | 174/383 kB | 113/299 kB
Progress (4): 78 kB | 195 kB | 174/383 kB | 117/299 kB
Progress (4): 78 kB | 195 kB | 179/383 kB | 117/299 kB
Progress (4): 78 kB | 195 kB | 183/383 kB | 117/299 kB
Progress (4): 78 kB | 195 kB | 183/383 kB | 122/299 kB
Progress (4): 78 kB | 195 kB | 187/383 kB | 122/299 kB
Progress (4): 78 kB | 195 kB | 187/383 kB | 124/299 kB
Progress (4): 78 kB | 195 kB | 187/383 kB | 128/299 kB
Progress (4): 78 kB | 195 kB | 187/383 kB | 131/299 kB
Progress (4): 78 kB | 195 kB | 187/383 kB | 135/299 kB
Progress (4): 78 kB | 195 kB | 187/383 kB | 139/299 kB
Progress (4): 78 kB | 195 kB | 187/383 kB | 143/299 kB
Progress (4): 78 kB | 195 kB | 187/383 kB | 147/299 kB
Progress (4): 78 kB | 195 kB | 191/383 kB | 147/299 kB
Progress (4): 78 kB | 195 kB | 195/383 kB | 147/299 kB
Progress (4): 78 kB | 195 kB | 195/383 kB | 152/299 kB
Progress (4): 78 kB | 195 kB | 195/383 kB | 156/299 kB
Progress (4): 78 kB | 195 kB | 195/383 kB | 160/299 kB
Progress (4): 78 kB | 195 kB | 195/383 kB | 164/299 kB
Progress (4): 78 kB | 195 kB | 199/383 kB | 164/299 kB
Progress (4): 78 kB | 195 kB | 203/383 kB | 164/299 kB
Progress (4): 78 kB | 195 kB | 203/383 kB | 168/299 kB
Progress (4): 78 kB | 195 kB | 207/383 kB | 168/299 kB
Progress (4): 78 kB | 195 kB | 211/383 kB | 168/299 kB
Progress (4): 78 kB | 195 kB | 211/383 kB | 172/299 kB
Progress (4): 78 kB | 195 kB | 215/383 kB | 172/299 kB
Progress (4): 78 kB | 195 kB | 220/383 kB | 172/299 kB
Progress (4): 78 kB | 195 kB | 220/383 kB | 176/299 kB
Progress (4): 78 kB | 195 kB | 224/383 kB | 176/299 kB
Progress (4): 78 kB | 195 kB | 228/383 kB | 176/299 kB
Progress (4): 78 kB | 195 kB | 228/383 kB | 180/299 kB
Progress (4): 78 kB | 195 kB | 228/383 kB | 184/299 kB
Progress (4): 78 kB | 195 kB | 228/383 kB | 188/299 kB
Progress (4): 78 kB | 195 kB | 228/383 kB | 193/299 kB
Progress (4): 78 kB | 195 kB | 228/383 kB | 197/299 kB
Progress (4): 78 kB | 195 kB | 228/383 kB | 201/299 kB
Progress (4): 78 kB | 195 kB | 228/383 kB | 205/299 kB
Progress (4): 78 kB | 195 kB | 228/383 kB | 209/299 kB
Progress (4): 78 kB | 195 kB | 228/383 kB | 213/299 kB
                                                      
Downloaded from central: https://repo.maven.apache.org/maven2/org/apache/maven/maven-artifact/2.0.2/maven-artifact-2.0.2.jar (78 kB at 415 kB/s)
Progress (3): 195 kB | 228/383 kB | 217/299 kB
                                              
Downloading from central: https://repo.maven.apache.org/maven2/org/jacoco/org.jacoco.report/0.8.10/org.jacoco.report-0.8.10.jar
Progress (3): 195 kB | 228/383 kB | 221/299 kB
Progress (3): 195 kB | 228/383 kB | 225/299 kB
Progress (3): 195 kB | 228/383 kB | 229/299 kB
                                              
Downloaded from central: https://repo.maven.apache.org/maven2/org/codehaus/plexus/plexus-container-default/1.0-alpha-9/plexus-container-default-1.0-alpha-9.jar (195 kB at 1.0 MB/s)
Progress (2): 232/383 kB | 229/299 kB
Progress (2): 236/383 kB | 229/299 kB
Progress (2): 240/383 kB | 229/299 kB
Progress (2): 244/383 kB | 229/299 kB
Progress (2): 248/383 kB | 229/299 kB
Progress (2): 252/383 kB | 229/299 kB
Progress (2): 256/383 kB | 229/299 kB
Progress (2): 261/383 kB | 229/299 kB
Progress (2): 265/383 kB | 229/299 kB
Progress (2): 269/383 kB | 229/299 kB
Progress (2): 273/383 kB | 229/299 kB
Progress (2): 277/383 kB | 229/299 kB
Progress (2): 281/383 kB | 229/299 kB
Progress (2): 281/383 kB | 233/299 kB
Progress (2): 285/383 kB | 233/299 kB
Progress (2): 285/383 kB | 238/299 kB
Progress (2): 285/383 kB | 242/299 kB
Progress (2): 289/383 kB | 242/299 kB
Progress (2): 289/383 kB | 246/299 kB
Progress (2): 293/383 kB | 246/299 kB
Progress (2): 293/383 kB | 250/299 kB
Progress (2): 293/383 kB | 254/299 kB
Progress (2): 293/383 kB | 258/299 kB
Progress (2): 293/383 kB | 262/299 kB
Progress (2): 297/383 kB | 262/299 kB
Progress (2): 301/383 kB | 262/299 kB
Progress (2): 306/383 kB | 262/299 kB
Progress (2): 310/383 kB | 262/299 kB
Progress (2): 314/383 kB | 262/299 kB
Progress (2): 314/383 kB | 266/299 kB
Progress (2): 318/383 kB | 266/299 kB
Progress (2): 322/383 kB | 266/299 kB
Progress (2): 322/383 kB | 270/299 kB
Progress (2): 326/383 kB | 270/299 kB
Progress (2): 326/383 kB | 274/299 kB
Progress (2): 326/383 kB | 279/299 kB
Progress (2): 330/383 kB | 279/299 kB
Progress (2): 330/383 kB | 283/299 kB
Progress (2): 334/383 kB | 283/299 kB
Progress (2): 334/383 kB | 287/299 kB
Progress (2): 338/383 kB | 287/299 kB
Progress (2): 338/383 kB | 291/299 kB
Progress (2): 342/383 kB | 291/299 kB
Progress (2): 342/383 kB | 295/299 kB
Progress (2): 342/383 kB | 299 kB    
Progress (2): 347/383 kB | 299 kB
Progress (2): 351/383 kB | 299 kB
Progress (2): 355/383 kB | 299 kB
Progress (2): 359/383 kB | 299 kB
Progress (2): 363/383 kB | 299 kB
Progress (2): 367/383 kB | 299 kB
Progress (2): 371/383 kB | 299 kB
Progress (2): 375/383 kB | 299 kB
Progress (2): 379/383 kB | 299 kB
Progress (2): 383 kB | 299 kB    
Progress (3): 383 kB | 299 kB | 4.1/204 kB
Progress (3): 383 kB | 299 kB | 7.7/204 kB
Progress (3): 383 kB | 299 kB | 12/204 kB 
Progress (3): 383 kB | 299 kB | 16/204 kB
Progress (3): 383 kB | 299 kB | 20/204 kB
Progress (3): 383 kB | 299 kB | 24/204 kB
Progress (3): 383 kB | 299 kB | 28/204 kB
Progress (3): 383 kB | 299 kB | 32/204 kB
Progress (3): 383 kB | 299 kB | 36/204 kB
Progress (3): 383 kB | 299 kB | 40/204 kB
Progress (3): 383 kB | 299 kB | 45/204 kB
Progress (3): 383 kB | 299 kB | 49/204 kB
Progress (3): 383 kB | 299 kB | 53/204 kB
Progress (3): 383 kB | 299 kB | 57/204 kB
Progress (3): 383 kB | 299 kB | 61/204 kB
Progress (3): 383 kB | 299 kB | 65/204 kB
Progress (3): 383 kB | 299 kB | 69/204 kB
Progress (4): 383 kB | 299 kB | 69/204 kB | 3.8/131 kB
Progress (4): 383 kB | 299 kB | 73/204 kB | 3.8/131 kB
Progress (4): 383 kB | 299 kB | 77/204 kB | 3.8/131 kB
Progress (4): 383 kB | 299 kB | 81/204 kB | 3.8/131 kB
Progress (4): 383 kB | 299 kB | 86/204 kB | 3.8/131 kB
Progress (4): 383 kB | 299 kB | 90/204 kB | 3.8/131 kB
Progress (4): 383 kB | 299 kB | 90/204 kB | 7.8/131 kB
Progress (4): 383 kB | 299 kB | 90/204 kB | 12/131 kB 
Progress (4): 383 kB | 299 kB | 94/204 kB | 12/131 kB
Progress (4): 383 kB | 299 kB | 98/204 kB | 12/131 kB
Progress (4): 383 kB | 299 kB | 98/204 kB | 16/131 kB
Progress (4): 383 kB | 299 kB | 102/204 kB | 16/131 kB
Progress (4): 383 kB | 299 kB | 106/204 kB | 16/131 kB
Progress (4): 383 kB | 299 kB | 106/204 kB | 20/131 kB
Progress (4): 383 kB | 299 kB | 110/204 kB | 20/131 kB
Progress (4): 383 kB | 299 kB | 110/204 kB | 24/131 kB
Progress (4): 383 kB | 299 kB | 114/204 kB | 24/131 kB
Progress (4): 383 kB | 299 kB | 118/204 kB | 24/131 kB
Progress (4): 383 kB | 299 kB | 118/204 kB | 28/131 kB
Progress (4): 383 kB | 299 kB | 122/204 kB | 28/131 kB
Progress (4): 383 kB | 299 kB | 122/204 kB | 32/131 kB
Progress (4): 383 kB | 299 kB | 122/204 kB | 37/131 kB
Progress (4): 383 kB | 299 kB | 122/204 kB | 41/131 kB
Progress (4): 383 kB | 299 kB | 122/204 kB | 45/131 kB
Progress (4): 383 kB | 299 kB | 122/204 kB | 49/131 kB
Progress (4): 383 kB | 299 kB | 122/204 kB | 53/131 kB
Progress (4): 383 kB | 299 kB | 122/204 kB | 57/131 kB
Progress (4): 383 kB | 299 kB | 122/204 kB | 61/131 kB
Progress (4): 383 kB | 299 kB | 122/204 kB | 65/131 kB
Progress (4): 383 kB | 299 kB | 122/204 kB | 69/131 kB
Progress (4): 383 kB | 299 kB | 122/204 kB | 73/131 kB
Progress (4): 383 kB | 299 kB | 122/204 kB | 77/131 kB
Progress (4): 383 kB | 299 kB | 122/204 kB | 82/131 kB
Progress (4): 383 kB | 299 kB | 122/204 kB | 86/131 kB
Progress (4): 383 kB | 299 kB | 122/204 kB | 90/131 kB
Progress (4): 383 kB | 299 kB | 122/204 kB | 94/131 kB
Progress (4): 383 kB | 299 kB | 122/204 kB | 98/131 kB
Progress (4): 383 kB | 299 kB | 122/204 kB | 102/131 kB
Progress (4): 383 kB | 299 kB | 122/204 kB | 106/131 kB
Progress (4): 383 kB | 299 kB | 122/204 kB | 110/131 kB
Progress (4): 383 kB | 299 kB | 122/204 kB | 114/131 kB
Progress (4): 383 kB | 299 kB | 122/204 kB | 118/131 kB
Progress (4): 383 kB | 299 kB | 126/204 kB | 118/131 kB
Progress (4): 383 kB | 299 kB | 131/204 kB | 118/131 kB
Progress (4): 383 kB | 299 kB | 135/204 kB | 118/131 kB
Progress (4): 383 kB | 299 kB | 139/204 kB | 118/131 kB
Progress (4): 383 kB | 299 kB | 143/204 kB | 118/131 kB
Progress (4): 383 kB | 299 kB | 147/204 kB | 118/131 kB
Progress (4): 383 kB | 299 kB | 151/204 kB | 118/131 kB
Progress (4): 383 kB | 299 kB | 155/204 kB | 118/131 kB
Progress (4): 383 kB | 299 kB | 159/204 kB | 118/131 kB
Progress (4): 383 kB | 299 kB | 163/204 kB | 118/131 kB
Progress (4): 383 kB | 299 kB | 167/204 kB | 118/131 kB
Progress (4): 383 kB | 299 kB | 172/204 kB | 118/131 kB
Progress (4): 383 kB | 299 kB | 176/204 kB | 118/131 kB
Progress (4): 383 kB | 299 kB | 176/204 kB | 123/131 kB
Progress (4): 383 kB | 299 kB | 180/204 kB | 123/131 kB
Progress (4): 383 kB | 299 kB | 180/204 kB | 127/131 kB
Progress (4): 383 kB | 299 kB | 180/204 kB | 131/131 kB
Progress (4): 383 kB | 299 kB | 180/204 kB | 131 kB    
Progress (4): 383 kB | 299 kB | 184/204 kB | 131 kB
Progress (4): 383 kB | 299 kB | 188/204 kB | 131 kB
Progress (4): 383 kB | 299 kB | 192/204 kB | 131 kB
Progress (4): 383 kB | 299 kB | 196/204 kB | 131 kB
Progress (4): 383 kB | 299 kB | 200/204 kB | 131 kB
Progress (4): 383 kB | 299 kB | 204/204 kB | 131 kB
Progress (4): 383 kB | 299 kB | 204 kB | 131 kB    
                                               
Downloaded from central: https://repo.maven.apache.org/maven2/junit/junit/4.13.1/junit-4.13.1.jar (383 kB at 1.5 MB/s)
Downloaded from central: https://repo.maven.apache.org/maven2/org/jacoco/org.jacoco.agent/0.8.10/org.jacoco.agent-0.8.10-runtime.jar (299 kB at 1.1 MB/s)
Downloaded from central: https://repo.maven.apache.org/maven2/org/jacoco/org.jacoco.core/0.8.10/org.jacoco.core-0.8.10.jar (204 kB at 746 kB/s)
Downloaded from central: https://repo.maven.apache.org/maven2/org/jacoco/org.jacoco.report/0.8.10/org.jacoco.report-0.8.10.jar (131 kB at 479 kB/s)
[INFO] argLine set to -javaagent:C:\\Users\\sanjeev\\.m2\\repository\\org\\jacoco\\org.jacoco.agent\\0.8.10\\org.jacoco.agent-0.8.10-runtime.jar=destfile=C:\\hackathon-java-assignment\\target\\jacoco.exec
[INFO] 
[INFO] --- maven-resources-plugin:2.6:resources (default-resources) @ java-code-assignment ---
[INFO] Using 'UTF-8' encoding to copy filtered resources.
[INFO] Copying 4 resources
[INFO] 
[INFO] --- quarkus-maven-plugin:3.13.3:generate-code (default) @ java-code-assignment ---
[INFO] Generating JAX-RS interfaces and beans from: C:\Users\sanjeev\AppData\Local\Temp\warehouse-openapi.yaml9356089623512870743.json
[INFO] Generating code...
Generating Bean: com.warehouse.api.beans.Warehouse
Adding to zip: com/warehouse/api/beans/Warehouse.java
Generating Interface: com.warehouse.api.WarehouseResource
Adding to zip: com/warehouse/api/WarehouseResource.java

[INFO] Code generated, unpacking the output ZIP.
[INFO] Code successfully generated.
[INFO] 
[INFO] --- maven-compiler-plugin:3.11.0:compile (default-compile) @ java-code-assignment ---
[INFO] Changes detected - recompiling the module! :source
[INFO] Compiling 25 source files with javac [debug release 17] to target\classes
[INFO] 
[INFO] --- quarkus-maven-plugin:3.13.3:generate-code-tests (default) @ java-code-assignment ---
[INFO] 
[INFO] --- maven-resources-plugin:2.6:testResources (default-testResources) @ java-code-assignment ---
[INFO] Using 'UTF-8' encoding to copy filtered resources.
[INFO] skip non existing resourceDirectory C:\hackathon-java-assignment\src\test\resources
[INFO] 
[INFO] --- maven-compiler-plugin:3.11.0:testCompile (default-testCompile) @ java-code-assignment ---
[INFO] Changes detected - recompiling the module! :dependency
[INFO] Compiling 19 source files with javac [debug release 17] to target\test-classes
[INFO] -------------------------------------------------------------
[WARNING] COMPILATION WARNING : 
[INFO] -------------------------------------------------------------
[WARNING] /C:/hackathon-java-assignment/src/test/java/com/fulfilment/application/monolith/stores/StoreEventObserverTest.java:[20,4] io.quarkus.test.junit.mockito.InjectMock in io.quarkus.test.junit.mockito has been deprecated and marked for removal
[WARNING] /C:/hackathon-java-assignment/src/test/java/com/fulfilment/application/monolith/stores/StoreTransactionIntegrationTest.java:[21,4] io.quarkus.test.junit.mockito.InjectMock in io.quarkus.test.junit.mockito has been deprecated and marked for removal
[INFO] 2 warnings 
[INFO] -------------------------------------------------------------
[INFO] -------------------------------------------------------------
[ERROR] COMPILATION ERROR : 
[INFO] -------------------------------------------------------------
[ERROR] /C:/hackathon-java-assignment/src/test/java/com/fulfilment/application/monolith/warehouses/domain/models/WarehouseModelTest.java:[7,8] class WarehouseTest is public, should be declared in a file named WarehouseTest.java
[ERROR] /C:/hackathon-java-assignment/src/test/java/com/fulfilment/application/monolith/location/LocationGatewayExtendedTest.java:[11,8] class LocationGatewayTest is public, should be declared in a file named LocationGatewayTest.java
[ERROR] /C:/hackathon-java-assignment/src/test/java/com/fulfilment/application/monolith/location/LocationGatewayTest.java:[5,8] duplicate class: com.fulfilment.application.monolith.location.LocationGatewayTest
[ERROR] /C:/hackathon-java-assignment/src/test/java/com/fulfilment/application/monolith/stores/StoreEventsTest.java:[17,24] store has private access in com.fulfilment.application.monolith.stores.StoreCreatedEvent
[ERROR] /C:/hackathon-java-assignment/src/test/java/com/fulfilment/application/monolith/stores/StoreEventsTest.java:[18,37] store has private access in com.fulfilment.application.monolith.stores.StoreCreatedEvent
[ERROR] /C:/hackathon-java-assignment/src/test/java/com/fulfilment/application/monolith/stores/StoreEventsTest.java:[19,27] store has private access in com.fulfilment.application.monolith.stores.StoreCreatedEvent
[ERROR] /C:/hackathon-java-assignment/src/test/java/com/fulfilment/application/monolith/stores/StoreEventsTest.java:[30,24] store has private access in com.fulfilment.application.monolith.stores.StoreUpdatedEvent
[ERROR] /C:/hackathon-java-assignment/src/test/java/com/fulfilment/application/monolith/stores/StoreEventsTest.java:[31,40] store has private access in com.fulfilment.application.monolith.stores.StoreUpdatedEvent
[ERROR] /C:/hackathon-java-assignment/src/test/java/com/fulfilment/application/monolith/stores/StoreEventsTest.java:[32,27] store has private access in com.fulfilment.application.monolith.stores.StoreUpdatedEvent
[ERROR] /C:/hackathon-java-assignment/src/test/java/com/fulfilment/application/monolith/stores/StoreEventsTest.java:[40,28] store has private access in com.fulfilment.application.monolith.stores.StoreCreatedEvent
[ERROR] /C:/hackathon-java-assignment/src/test/java/com/fulfilment/application/monolith/stores/StoreEventsTest.java:[48,28] store has private access in com.fulfilment.application.monolith.stores.StoreUpdatedEvent
[ERROR] /C:/hackathon-java-assignment/src/test/java/com/fulfilment/application/monolith/stores/StoreEventsTest.java:[54,21] store has private access in com.fulfilment.application.monolith.stores.StoreCreatedEvent
[ERROR] /C:/hackathon-java-assignment/src/test/java/com/fulfilment/application/monolith/stores/StoreEventsTest.java:[60,21] store has private access in com.fulfilment.application.monolith.stores.StoreUpdatedEvent
[INFO] 13 errors 
[INFO] -------------------------------------------------------------
[INFO] ------------------------------------------------------------------------
[INFO] BUILD FAILURE
[INFO] ------------------------------------------------------------------------
[INFO] Total time:  20.438 s
[INFO] Finished at: 2026-04-07T22:34:57+05:30
[INFO] ------------------------------------------------------------------------
[ERROR] Failed to execute goal org.apache.maven.plugins:maven-compiler-plugin:3.11.0:testCompile (default-testCompile) on project java-code-assignment: Compilation failure: Compilation failure: 
[ERROR] /C:/hackathon-java-assignment/src/test/java/com/fulfilment/application/monolith/warehouses/domain/models/WarehouseModelTest.java:[7,8] class WarehouseTest is public, should be declared in a file named WarehouseTest.java
[ERROR] /C:/hackathon-java-assignment/src/test/java/com/fulfilment/application/monolith/location/LocationGatewayExtendedTest.java:[11,8] class LocationGatewayTest is public, should be declared in a file named LocationGatewayTest.java
[ERROR] /C:/hackathon-java-assignment/src/test/java/com/fulfilment/application/monolith/location/LocationGatewayTest.java:[5,8] duplicate class: com.fulfilment.application.monolith.location.LocationGatewayTest
[ERROR] /C:/hackathon-java-assignment/src/test/java/com/fulfilment/application/monolith/stores/StoreEventsTest.java:[17,24] store has private access in com.fulfilment.application.monolith.stores.StoreCreatedEvent
[ERROR] /C:/hackathon-java-assignment/src/test/java/com/fulfilment/application/monolith/stores/StoreEventsTest.java:[18,37] store has private access in com.fulfilment.application.monolith.stores.StoreCreatedEvent
[ERROR] /C:/hackathon-java-assignment/src/test/java/com/fulfilment/application/monolith/stores/StoreEventsTest.java:[19,27] store has private access in com.fulfilment.application.monolith.stores.StoreCreatedEvent
[ERROR] /C:/hackathon-java-assignment/src/test/java/com/fulfilment/application/monolith/stores/StoreEventsTest.java:[30,24] store has private access in com.fulfilment.application.monolith.stores.StoreUpdatedEvent
[ERROR] /C:/hackathon-java-assignment/src/test/java/com/fulfilment/application/monolith/stores/StoreEventsTest.java:[31,40] store has private access in com.fulfilment.application.monolith.stores.StoreUpdatedEvent
[ERROR] /C:/hackathon-java-assignment/src/test/java/com/fulfilment/application/monolith/stores/StoreEventsTest.java:[32,27] store has private access in com.fulfilment.application.monolith.stores.StoreUpdatedEvent
[ERROR] /C:/hackathon-java-assignment/src/test/java/com/fulfilment/application/monolith/stores/StoreEventsTest.java:[40,28] store has private access in com.fulfilment.application.monolith.stores.StoreCreatedEvent
[ERROR] /C:/hackathon-java-assignment/src/test/java/com/fulfilment/application/monolith/stores/StoreEventsTest.java:[48,28] store has private access in com.fulfilment.application.monolith.stores.StoreUpdatedEvent
[ERROR] /C:/hackathon-java-assignment/src/test/java/com/fulfilment/application/monolith/stores/StoreEventsTest.java:[54,21] store has private access in com.fulfilment.application.monolith.stores.StoreCreatedEvent
[ERROR] /C:/hackathon-java-assignment/src/test/java/com/fulfilment/application/monolith/stores/StoreEventsTest.java:[60,21] store has private access in com.fulfilment.application.monolith.stores.StoreUpdatedEvent
[ERROR] -> [Help 1]
[ERROR] 
[ERROR] To see the full stack trace of the errors, re-run Maven with the -e switch.
[ERROR] Re-run Maven using the -X switch to enable full debug logging.
[ERROR] 
[ERROR] For more information about the errors and possible solutions, please read the following articles:
[ERROR] [Help 1] http://cwiki.apache.org/confluence/display/MAVEN/MojoFailureException
